0 0 0 0 0 0
0 1.151262197230564e-28 9.855011035828011e-22 8.46193020913058e-15 7.276927019226476e-08 0.6286827189583106
0 5.756483668238977e-29 4.927579427387942e-22 4.2310074124367564e-15 3.638490796941784e-08 0.3143413594789366
0 9.595532114086172e-30 8.213331793904167e-23 7.052138540903371e-16 6.064485858616542e-09 0.05239154507034236
0 8.004910866049671e-31 6.848138635282249e-24 5.878897510992587e-17 5.055102581941064e-10 0.004365962089086064
0 4.071538340385509e-32 3.453641724467269e-25 2.9563793017126477e-18 2.5384725834088926e-11 0.00021829865375192091
