0.10843373493842585 0.10843373493861894 0.10843373493811885
0.10843373493842585 0.1084337349386189 0.12048192770902098
0.10843373493842585 0.1084337349386189 0.12048192770902091
