0.03839723014737029 0.03839723014270114 0.038397130132077725 0.03526298885169629 0.03766145196035289
0.038397230147370356 0.03839723014482894 0.03839719681380688 0.03918096792967701 0.041846114434980944
0.03839723014737054 0.038397230147665794 0.038397246818845654 0.04353423353936268 0.046495802412617415
0.03839723014737068 0.038397230150148016 0.03839728015267816 0.04353412838180857 0.04649587423385671
0.03839723014737076 0.03839723015156638 0.03839729681873641 0.04353407580461534 0.04649591014357315
